../Core/Src/main.c:112:5:__io_putchar	16	static
../Core/Src/main.c:118:6:__robot_init	8	static
../Core/Src/main.c:216:6:__robot_update_wheel_speed	16	static
../Core/Src/main.c:259:6:__robot_update_led_light	4	static
../Core/Src/main.c:322:6:__robot_Move	16	static
../Core/Src/main.c:350:6:__robot_set_led_light	16	static
../Core/Src/main.c:356:6:__startDistanceMeasure	8	static
../Core/Src/main.c:368:6:HAL_TIM_PeriodElapsedCallback	16	static
../Core/Src/main.c:376:6:HAL_GPIO_EXTI_Callback	16	static
../Core/Src/main.c:400:5:main	136	static
../Core/Src/main.c:513:6:SystemClock_Config	88	static
../Core/Src/main.c:560:13:MX_TIM1_Init	80	static
../Core/Src/main.c:624:13:MX_TIM2_Init	64	static
../Core/Src/main.c:701:13:MX_TIM5_Init	64	static
../Core/Src/main.c:759:13:MX_TIM7_Init	16	static
../Core/Src/main.c:797:13:MX_TIM8_Init	96	static
../Core/Src/main.c:876:13:MX_UART5_Init	8	static
../Core/Src/main.c:909:13:MX_GPIO_Init	48	static
../Core/Src/main.c:970:6:Error_Handler	4	static,ignoring_inline_asm
