../Core/Src/main.c:89:6:__robot_init	8	static
../Core/Src/main.c:162:6:__robot_update_wheel_speed	16	static
../Core/Src/main.c:194:6:__robot_update_led_light	4	static
../Core/Src/main.c:257:6:__robot_Move	16	static
../Core/Src/main.c:285:6:__robot_set_led_light	16	static
../Core/Src/main.c:291:6:HAL_TIM_PeriodElapsedCallback	16	static
../Core/Src/main.c:313:5:main	104	static
../Core/Src/main.c:402:6:SystemClock_Config	88	static
../Core/Src/main.c:444:13:MX_TIM2_Init	64	static
../Core/Src/main.c:521:13:MX_TIM8_Init	96	static
../Core/Src/main.c:600:13:MX_GPIO_Init	40	static
../Core/Src/main.c:628:6:Error_Handler	4	static,ignoring_inline_asm
