../Core/Src/main.c:111:5:__io_putchar	16	static
../Core/Src/main.c:117:6:__robot_init	8	static
../Core/Src/main.c:213:6:__robot_update_wheel_speed	16	static
../Core/Src/main.c:256:6:__robot_update_led_light	4	static
../Core/Src/main.c:319:6:__robot_Move	16	static
../Core/Src/main.c:347:6:__robot_set_led_light	16	static
../Core/Src/main.c:353:6:__startDistanceMeasure	8	static
../Core/Src/main.c:366:6:HAL_TIM_PeriodElapsedCallback	16	static
../Core/Src/main.c:374:6:HAL_GPIO_EXTI_Callback	16	static
../Core/Src/main.c:398:5:main	136	static
../Core/Src/main.c:511:6:SystemClock_Config	88	static
../Core/Src/main.c:558:13:MX_TIM1_Init	80	static
../Core/Src/main.c:622:13:MX_TIM2_Init	64	static
../Core/Src/main.c:699:13:MX_TIM5_Init	64	static
../Core/Src/main.c:757:13:MX_TIM7_Init	16	static
../Core/Src/main.c:795:13:MX_TIM8_Init	96	static
../Core/Src/main.c:874:13:MX_UART5_Init	8	static
../Core/Src/main.c:907:13:MX_GPIO_Init	48	static
../Core/Src/main.c:968:6:Error_Handler	4	static,ignoring_inline_asm
