../Core/Src/main.c:88:6:__robot_init	8	static
../Core/Src/main.c:154:6:__robot_update_wheel_speed	16	static
../Core/Src/main.c:174:6:__robot_update_led_light	4	static
../Core/Src/main.c:204:6:__robot_Move	16	static
../Core/Src/main.c:230:6:__robot_set_led_light	16	static
../Core/Src/main.c:236:6:HAL_TIM_PeriodElapsedCallback	16	static
../Core/Src/main.c:258:5:main	88	static
../Core/Src/main.c:322:6:SystemClock_Config	88	static
../Core/Src/main.c:364:13:MX_TIM2_Init	64	static
../Core/Src/main.c:441:13:MX_TIM8_Init	96	static
../Core/Src/main.c:520:13:MX_GPIO_Init	40	static
../Core/Src/main.c:548:6:Error_Handler	4	static,ignoring_inline_asm
