../Core/Src/main.c:87:6:__robot_init	8	static
../Core/Src/main.c:153:6:__robot_update_wheel_speed	16	static
../Core/Src/main.c:175:6:__robot_update_led_light	4	static
../Core/Src/main.c:205:6:__robot_Move	16	static
../Core/Src/main.c:233:6:__robot_set_led_light	16	static
../Core/Src/main.c:239:6:HAL_TIM_PeriodElapsedCallback	16	static
../Core/Src/main.c:261:5:main	104	static
../Core/Src/main.c:350:6:SystemClock_Config	88	static
../Core/Src/main.c:392:13:MX_TIM2_Init	64	static
../Core/Src/main.c:469:13:MX_TIM8_Init	96	static
../Core/Src/main.c:548:13:MX_GPIO_Init	40	static
../Core/Src/main.c:576:6:Error_Handler	4	static,ignoring_inline_asm
